[extract] {"stage":"extract"}
[index] {"stage":"index","unit":"china-shanghai","pages":100}
[batch] {"stage":"batch","batch":9,"sections":2,"total":25}
[batch] {"stage":"batch","batch":7,"sections":1,"total":25}
[batch] {"stage":"batch","batch":3,"sections":1,"total":25}
[batch] {"stage":"batch","batch":12,"sections":6,"total":25}
[batch] {"stage":"batch","batch":13,"sections":2,"total":25}
[batch] {"stage":"batch","batch":4,"sections":3,"total":25}
[batch] {"stage":"batch","batch":2,"sections":2,"total":25}
[batch] {"stage":"batch","batch":14,"sections":1,"total":25}
[batch] {"stage":"batch","batch":1,"sections":2,"total":25}
[batch] {"stage":"batch","batch":0,"sections":1,"total":25}
[batch] {"stage":"batch","batch":24,"sections":1,"total":25}
[batch] {"stage":"batch","batch":11,"sections":1,"total":25}
[batch] {"stage":"batch","batch":22,"sections":1,"total":25}
[batch] {"stage":"batch","batch":18,"sections":1,"total":25}
[batch] {"stage":"batch","batch":17,"sections":2,"total":25}
[batch] {"stage":"batch","batch":20,"sections":2,"total":25}
[batch] {"stage":"batch","batch":10,"sections":3,"total":25}
[batch] {"stage":"batch","batch":6,"sections":1,"total":25}
[batch] {"stage":"batch","batch":8,"sections":3,"total":25}
[batch] {"stage":"batch","batch":21,"sections":3,"total":25}
[batch] {"stage":"batch","batch":23,"sections":7,"total":25}
[batch] {"stage":"batch","batch":19,"sections":7,"total":25}
[batch] {"stage":"batch","batch":15,"sections":4,"total":25}
[batch] {"stage":"batch","batch":16,"sections":5,"total":25}
[batch] {"stage":"batch","batch":5,"error":"Unexpected non-whitespace character after JSON at position 17 (line 1 column 18)"}
[ocr] {"stage":"ocr","pages":41,"of":41}
[done] {"stage":"done","sections":62,"ocr_demand":41}
{
  "schema_version": 1,
  "status": "PASS",
  "reused": false,
  "unit_id": "china-shanghai",
  "pages": 100,
  "batches": 25,
  "failed_batches": 1,
  "sections": 62,
  "text_quality": {
    "usable": 48,
    "missing": 13,
    "degraded": 1
  },
  "ocr_demand_pages": [
    533,
    534,
    535,
    536,
    537,
    538,
    543,
    544,
    545,
    546,
    554,
    558,
    560,
    561,
    567,
    568,
    577,
    578,
    583,
    584,
    585,
    586,
    595,
    596,
    597,
    604,
    605,
    606,
    607,
    608,
    609,
    610,
    611,
    612,
    613,
    614,
    615,
    616,
    617,
    618,
    619
  ],
  "ocr_pages_written": [
    533,
    534,
    535,
    536,
    537,
    538,
    543,
    544,
    545,
    546,
    554,
    558,
    560,
    561,
    567,
    568,
    577,
    578,
    583,
    584,
    585,
    586,
    595,
    596,
    597,
    604,
    605,
    606,
    607,
    608,
    609,
    610,
    611,
    612,
    613,
    614,
    615,
    616,
    617,
    618,
    619
  ],
  "batch_seams": 48
}
[pages] {"stage":"pages"}
[pages] {"stage":"pages","pages_dir":"/Users/haoli/leehow/code/chatrpgv4/.tmp/masks-work/pages","written":0,"reused":669}
[wave] {"stage":"wave","wave":1,"files":["npc-agendas.json","module-meta.json"]}
[agent] {"stage":"agent","file":"npc-agendas.json","state":"start"}
[agent] {"stage":"agent","file":"module-meta.json","state":"start"}
[agent] {"stage":"agent","file":"module-meta.json","state":"passed","attempts":2,"seconds":116}
[agent] {"stage":"agent","file":"npc-agendas.json","state":"passed","attempts":4,"seconds":921}
[wave] {"stage":"wave","wave":2,"files":["clue-graph.json"]}
[agent] {"stage":"agent","file":"clue-graph.json","state":"start"}
[agent] {"stage":"agent","file":"clue-graph.json","state":"passed","attempts":3,"seconds":387}
[wave] {"stage":"wave","wave":3,"files":["story-graph.json"]}
[agent] {"stage":"agent","file":"story-graph.json","state":"start"}
[agent] {"stage":"agent","file":"story-graph.json","state":"passed","attempts":3,"seconds":427}
[wave] {"stage":"wave","wave":4,"files":["threat-fronts.json"]}
[agent] {"stage":"agent","file":"threat-fronts.json","state":"start"}
[agent] {"stage":"agent","file":"threat-fronts.json","state":"passed","attempts":3,"seconds":321}
[link] {"stage":"link","edges_compiled":31,"exit_conditions_compiled":18,"linked":14,"npcs_with_facts":6,"npcs_total":38,"unattributed_npc_question_clues":[],"dangling_npc_refs":[],"affordances":25,"scenes_with_affordances":11,"scenes_total":18,"unroutable":[]}
{
  "schema_version": 1,
  "status": "PASS",
  "pages": {
    "pages_dir": "/Users/haoli/leehow/code/chatrpgv4/.tmp/masks-work/pages",
    "written": 0,
    "reused": 669
  },
  "unit": "china-shanghai",
  "ir_dir": "ir/china-shanghai",
  "passed": 5,
  "failed": 0,
  "known_targets": [
    "npc-agendas.json",
    "module-meta.json",
    "clue-graph.json",
    "story-graph.json",
    "threat-fronts.json"
  ],
  "results": [
    {
      "file": "npc-agendas.json",
      "passed": true,
      "validator_output": "npc-agendas: 38 npcs, 0 findings",
      "agent_error": null,
      "validator_attempts": 4,
      "seconds": 921,
      "exists": true
    },
    {
      "file": "module-meta.json",
      "passed": true,
      "validator_output": "module-meta: 14 fields, 0 findings",
      "agent_error": null,
      "validator_attempts": 2,
      "seconds": 116,
      "exists": true
    },
    {
      "file": "clue-graph.json",
      "passed": true,
      "validator_output": "clue-graph: 6 conclusions (24 clues), 0 findings [38 npc ids available to reference]",
      "agent_error": null,
      "validator_attempts": 3,
      "seconds": 387,
      "exists": true
    },
    {
      "file": "story-graph.json",
      "passed": true,
      "validator_output": "story-graph: 18 scenes, 0 findings [1 final scenes, 31 edges, all open — the Keeper decides what the fiction has earned]",
      "agent_error": null,
      "validator_attempts": 3,
      "seconds": 427,
      "exists": true
    },
    {
      "file": "threat-fronts.json",
      "passed": true,
      "validator_output": "dynamics: 22 rows (fronts + pacing), 0 findings",
      "agent_error": null,
      "validator_attempts": 3,
      "seconds": 321,
      "exists": true
    }
  ]
}
EXIT:0
