[extract] {"stage":"extract"}
[index] {"stage":"index","unit":"england-london","pages":118}
[batch] {"stage":"batch","batch":2,"sections":1,"total":31}
[batch] {"stage":"batch","batch":0,"sections":2,"total":31}
[batch] {"stage":"batch","batch":1,"sections":1,"total":31}
[batch] {"stage":"batch","batch":10,"sections":5,"total":31}
[batch] {"stage":"batch","batch":9,"sections":4,"total":31}
[batch] {"stage":"batch","batch":3,"sections":5,"total":31}
[batch] {"stage":"batch","batch":16,"sections":4,"total":31}
[batch] {"stage":"batch","batch":5,"sections":3,"total":31}
[batch] {"stage":"batch","batch":17,"sections":8,"total":31}
[batch] {"stage":"batch","batch":15,"sections":1,"total":31}
[batch] {"stage":"batch","batch":21,"sections":6,"total":31}
[batch] {"stage":"batch","batch":14,"sections":4,"total":31}
[batch] {"stage":"batch","batch":20,"sections":2,"total":31}
[batch] {"stage":"batch","batch":12,"sections":3,"total":31}
[batch] {"stage":"batch","batch":24,"sections":4,"total":31}
[batch] {"stage":"batch","batch":26,"sections":5,"total":31}
[batch] {"stage":"batch","batch":19,"sections":3,"total":31}
[batch] {"stage":"batch","batch":18,"sections":4,"total":31}
[batch] {"stage":"batch","batch":22,"sections":4,"total":31}
[batch] {"stage":"batch","batch":27,"sections":2,"total":31}
[batch] {"stage":"batch","batch":8,"sections":2,"total":31}
[batch] {"stage":"batch","batch":13,"sections":4,"total":31}
[batch] {"stage":"batch","batch":4,"sections":6,"total":31}
[batch] {"stage":"batch","batch":28,"sections":5,"total":31}
[batch] {"stage":"batch","batch":6,"sections":2,"total":31}
[batch] {"stage":"batch","batch":25,"sections":3,"total":31}
[batch] {"stage":"batch","batch":30,"sections":8,"total":31}
[batch] {"stage":"batch","batch":11,"sections":7,"total":31}
[batch] {"stage":"batch","batch":29,"sections":6,"total":31}
[batch] {"stage":"batch","batch":23,"sections":4,"total":31}
[batch] {"stage":"batch","batch":7,"sections":4,"total":31}
[ocr] {"stage":"ocr","pages":38,"of":38}
[done] {"stage":"done","sections":122,"ocr_demand":38}
{
  "schema_version": 1,
  "status": "PASS",
  "reused": false,
  "unit_id": "england-london",
  "pages": 118,
  "batches": 31,
  "failed_batches": 0,
  "sections": 122,
  "text_quality": {
    "usable": 109,
    "missing": 11,
    "degraded": 2
  },
  "ocr_demand_pages": [
    185,
    186,
    187,
    188,
    189,
    190,
    199,
    213,
    214,
    217,
    218,
    221,
    228,
    232,
    234,
    248,
    249,
    250,
    251,
    260,
    267,
    268,
    269,
    270,
    276,
    277,
    278,
    286,
    287,
    288,
    289,
    290,
    291,
    292,
    293,
    294,
    295,
    296
  ],
  "ocr_pages_written": [
    185,
    186,
    187,
    188,
    189,
    190,
    199,
    213,
    214,
    217,
    218,
    221,
    228,
    232,
    234,
    248,
    249,
    250,
    251,
    260,
    267,
    268,
    269,
    270,
    276,
    277,
    278,
    286,
    287,
    288,
    289,
    290,
    291,
    292,
    293,
    294,
    295,
    296
  ],
  "batch_seams": 80
}
[pages] {"stage":"pages"}
[pages] {"stage":"pages","pages_dir":"/Users/haoli/leehow/code/chatrpgv4/.tmp/masks-work/pages","written":0,"reused":669}
[wave] {"stage":"wave","wave":1,"files":["npc-agendas.json","module-meta.json"]}
[agent] {"stage":"agent","file":"npc-agendas.json","state":"start"}
[agent] {"stage":"agent","file":"module-meta.json","state":"start"}
[agent] {"stage":"agent","file":"module-meta.json","state":"passed","attempts":2,"seconds":132}
[agent] {"stage":"agent","file":"npc-agendas.json","state":"passed","attempts":3,"seconds":547}
[wave] {"stage":"wave","wave":2,"files":["clue-graph.json"]}
[agent] {"stage":"agent","file":"clue-graph.json","state":"start"}
[agent] {"stage":"agent","file":"clue-graph.json","state":"passed","attempts":3,"seconds":327}
[wave] {"stage":"wave","wave":3,"files":["story-graph.json"]}
[agent] {"stage":"agent","file":"story-graph.json","state":"start"}
[agent] {"stage":"agent","file":"story-graph.json","state":"passed","attempts":4,"seconds":407}
[wave] {"stage":"wave","wave":4,"files":["threat-fronts.json"]}
[agent] {"stage":"agent","file":"threat-fronts.json","state":"start"}
[agent] {"stage":"agent","file":"threat-fronts.json","state":"passed","attempts":5,"seconds":227}
[link] {"stage":"link","edges_compiled":40,"exit_conditions_compiled":17,"linked":32,"npcs_with_facts":8,"npcs_total":46,"unattributed_npc_question_clues":[],"dangling_npc_refs":[],"affordances":40,"scenes_with_affordances":14,"scenes_total":17,"unroutable":[]}
{
  "schema_version": 1,
  "status": "PASS",
  "pages": {
    "pages_dir": "/Users/haoli/leehow/code/chatrpgv4/.tmp/masks-work/pages",
    "written": 0,
    "reused": 669
  },
  "unit": "england-london",
  "ir_dir": "ir/england-london",
  "passed": 5,
  "failed": 0,
  "known_targets": [
    "npc-agendas.json",
    "module-meta.json",
    "clue-graph.json",
    "story-graph.json",
    "threat-fronts.json"
  ],
  "results": [
    {
      "file": "npc-agendas.json",
      "passed": true,
      "validator_output": "npc-agendas: 46 npcs, 0 findings",
      "agent_error": null,
      "validator_attempts": 3,
      "seconds": 547,
      "exists": true
    },
    {
      "file": "module-meta.json",
      "passed": true,
      "validator_output": "module-meta: 14 fields, 0 findings",
      "agent_error": null,
      "validator_attempts": 2,
      "seconds": 132,
      "exists": true
    },
    {
      "file": "clue-graph.json",
      "passed": true,
      "validator_output": "clue-graph: 9 conclusions (32 clues), 0 findings [46 npc ids available to reference]",
      "agent_error": null,
      "validator_attempts": 3,
      "seconds": 327,
      "exists": true
    },
    {
      "file": "story-graph.json",
      "passed": true,
      "validator_output": "story-graph: 17 scenes, 0 findings [1 final scenes, 40 edges, all open — the Keeper decides what the fiction has earned]",
      "agent_error": null,
      "validator_attempts": 4,
      "seconds": 407,
      "exists": true
    },
    {
      "file": "threat-fronts.json",
      "passed": true,
      "validator_output": "dynamics: 21 rows (fronts + pacing), 0 findings",
      "agent_error": null,
      "validator_attempts": 5,
      "seconds": 227,
      "exists": true
    }
  ]
}
EXIT:0
